MPLINK 5.08, LINKER
Linker Map File - Created Mon May 03 18:29:54 2021

                                 Section Info
                  Section       Type    Address   Location Size(Bytes)
                ---------  ---------  ---------  ---------  ---------
                   .org_0       code   0x000000    program   0x000000
                   .org_1       code   0x000000    program   0x000002
                   .org_2       code   0x000005    program   0x00001c



                              Program Memory Usage 
                               Start         End      
                           ---------   ---------      
                            0x000000    0x000000      
                            0x000005    0x000012      
            15 out of 1094 program addresses used, program memory utilization is 1%



                              Symbols - Sorted by Name
                     Name    Address   Location    Storage File                     
                ---------  ---------  ---------  --------- ---------                
                A_igual_B   0x000011    program     static C:\Users\minel\MPLABXProjects\1\act1.asm
                A_mayor_B   0x00000e    program     static C:\Users\minel\MPLABXProjects\1\act1.asm
                A_menor_B   0x00000b    program     static C:\Users\minel\MPLABXProjects\1\act1.asm
                   Inicio   0x000005    program     static C:\Users\minel\MPLABXProjects\1\act1.asm
                     Stop   0x000012    program     static C:\Users\minel\MPLABXProjects\1\act1.asm



                              Symbols - Sorted by Address
                     Name    Address   Location    Storage File                     
                ---------  ---------  ---------  --------- ---------                
                   Inicio   0x000005    program     static C:\Users\minel\MPLABXProjects\1\act1.asm
                A_menor_B   0x00000b    program     static C:\Users\minel\MPLABXProjects\1\act1.asm
                A_mayor_B   0x00000e    program     static C:\Users\minel\MPLABXProjects\1\act1.asm
                A_igual_B   0x000011    program     static C:\Users\minel\MPLABXProjects\1\act1.asm
                     Stop   0x000012    program     static C:\Users\minel\MPLABXProjects\1\act1.asm


