MPLINK 5.08, LINKER
Linker Map File - Created Tue May 04 19:30:20 2021

                                 Section Info
                  Section       Type    Address   Location Size(Bytes)
                ---------  ---------  ---------  ---------  ---------
                   .org_0       code   0x000000    program   0x000000
                   .org_1       code   0x000000    program   0x000002
                   .org_2       code   0x000004    program   0x000024
     .config_2007_ACT11.O       code   0x002007    program   0x000002



                              Program Memory Usage 
                               Start         End      
                           ---------   ---------      
                            0x000000    0x000000      
                            0x000004    0x000015      
                            0x002007    0x002007      
            20 out of 1094 program addresses used, program memory utilization is 1%



                              Symbols - Sorted by Name
                     Name    Address   Location    Storage File                     
                ---------  ---------  ---------  --------- ---------                
                    BUCLE   0x00000e    program     static C:\Users\minel\MPLABXProjects\A11.X\act11.asm
                  FIN_INT   0x000014    program     static C:\Users\minel\MPLABXProjects\A11.X\act11.asm
                   INICIO   0x000005    program     static C:\Users\minel\MPLABXProjects\A11.X\act11.asm
                   INT1CS   0x000010    program     static C:\Users\minel\MPLABXProjects\A11.X\act11.asm



                              Symbols - Sorted by Address
                     Name    Address   Location    Storage File                     
                ---------  ---------  ---------  --------- ---------                
                   INICIO   0x000005    program     static C:\Users\minel\MPLABXProjects\A11.X\act11.asm
                    BUCLE   0x00000e    program     static C:\Users\minel\MPLABXProjects\A11.X\act11.asm
                   INT1CS   0x000010    program     static C:\Users\minel\MPLABXProjects\A11.X\act11.asm
                  FIN_INT   0x000014    program     static C:\Users\minel\MPLABXProjects\A11.X\act11.asm


