MPLINK 5.08, LINKER
Linker Map File - Created Tue May 04 18:44:24 2021

                                 Section Info
                  Section       Type    Address   Location Size(Bytes)
                ---------  ---------  ---------  ---------  ---------
                   .org_0       code   0x000000    program   0x000002
                   .cinit    romdata   0x000001    program   0x000004
                   .org_1       code   0x000004    program   0x00007e
.config_2007_BUILD/DEFAULT/PRODUCTION/ACT13.O       code   0x002007    program   0x000002



                              Program Memory Usage 
                               Start         End      
                           ---------   ---------      
                            0x000000    0x000002      
                            0x000004    0x000042      
                            0x002007    0x002007      
            67 out of 1094 program addresses used, program memory utilization is 6%



                              Symbols - Sorted by Name
                     Name    Address   Location    Storage File                     
                ---------  ---------  ---------  --------- ---------                
                    BUCLE   0x00002b    program     static C:\Users\minel\MPLABXProjects\A13.X\act13.asm
         BUCLE_MULTIPLICA   0x000011    program     static C:\Users\minel\MPLABXProjects\A13.X\act13.asm
               FIN_RTINCS   0x00003e    program     static C:\Users\minel\MPLABXProjects\A13.X\act13.asm
                FLAGNCS_1   0x000008    program     static C:\Users\minel\MPLABXProjects\A13.X\act13.asm
            FLAGNCS_PORTB   0x000005    program     static C:\Users\minel\MPLABXProjects\A13.X\act13.asm
                   INICIO   0x000019    program     static C:\Users\minel\MPLABXProjects\A13.X\act13.asm
                   INT1CS   0x000030    program     static C:\Users\minel\MPLABXProjects\A13.X\act13.asm
               MULTIPLICA   0x00000b    program     static C:\Users\minel\MPLABXProjects\A13.X\act13.asm
                    RESTO   0x000016    program     static C:\Users\minel\MPLABXProjects\A13.X\act13.asm
                   RTINCS   0x000033    program     static C:\Users\minel\MPLABXProjects\A13.X\act13.asm



                              Symbols - Sorted by Address
                     Name    Address   Location    Storage File                     
                ---------  ---------  ---------  --------- ---------                
            FLAGNCS_PORTB   0x000005    program     static C:\Users\minel\MPLABXProjects\A13.X\act13.asm
                FLAGNCS_1   0x000008    program     static C:\Users\minel\MPLABXProjects\A13.X\act13.asm
               MULTIPLICA   0x00000b    program     static C:\Users\minel\MPLABXProjects\A13.X\act13.asm
         BUCLE_MULTIPLICA   0x000011    program     static C:\Users\minel\MPLABXProjects\A13.X\act13.asm
                    RESTO   0x000016    program     static C:\Users\minel\MPLABXProjects\A13.X\act13.asm
                   INICIO   0x000019    program     static C:\Users\minel\MPLABXProjects\A13.X\act13.asm
                    BUCLE   0x00002b    program     static C:\Users\minel\MPLABXProjects\A13.X\act13.asm
                   INT1CS   0x000030    program     static C:\Users\minel\MPLABXProjects\A13.X\act13.asm
                   RTINCS   0x000033    program     static C:\Users\minel\MPLABXProjects\A13.X\act13.asm
               FIN_RTINCS   0x00003e    program     static C:\Users\minel\MPLABXProjects\A13.X\act13.asm


