MPLINK 5.08, LINKER
Linker Map File - Created Mon May 03 20:11:09 2021

                                 Section Info
                  Section       Type    Address   Location Size(Bytes)
                ---------  ---------  ---------  ---------  ---------
                   .org_0       code   0x000000    program   0x000000
                   .org_1       code   0x000000    program   0x000028
      .config_2007_ACT9.O       code   0x002007    program   0x000002



                              Program Memory Usage 
                               Start         End      
                           ---------   ---------      
                            0x000000    0x000013      
                            0x002007    0x002007      
            21 out of 1094 program addresses used, program memory utilization is 1%



                              Symbols - Sorted by Name
                     Name    Address   Location    Storage File                     
                ---------  ---------  ---------  --------- ---------                
                   INICIO   0x000000    program     static C:\Users\minel\MPLABXProjects\A9.X\act9.asm
                   RetNcs   0x00000f    program     static C:\Users\minel\MPLABXProjects\A9.X\act9.asm
                    Retcs   0x00000a    program     static C:\Users\minel\MPLABXProjects\A9.X\act9.asm
                    START   0x000006    program     static C:\Users\minel\MPLABXProjects\A9.X\act9.asm
    Timer0_Desbordamiento   0x00000d    program     static C:\Users\minel\MPLABXProjects\A9.X\act9.asm



                              Symbols - Sorted by Address
                     Name    Address   Location    Storage File                     
                ---------  ---------  ---------  --------- ---------                
                   INICIO   0x000000    program     static C:\Users\minel\MPLABXProjects\A9.X\act9.asm
                    START   0x000006    program     static C:\Users\minel\MPLABXProjects\A9.X\act9.asm
                    Retcs   0x00000a    program     static C:\Users\minel\MPLABXProjects\A9.X\act9.asm
    Timer0_Desbordamiento   0x00000d    program     static C:\Users\minel\MPLABXProjects\A9.X\act9.asm
                   RetNcs   0x00000f    program     static C:\Users\minel\MPLABXProjects\A9.X\act9.asm


