MPLINK 5.08, LINKER
Linker Map File - Created Mon May 03 19:24:31 2021

                                 Section Info
                  Section       Type    Address   Location Size(Bytes)
                ---------  ---------  ---------  ---------  ---------
                   .org_0       code   0x000000    program   0x000000
                   .org_1       code   0x000000    program   0x00001e
      .config_2007_ACT8.O       code   0x002007    program   0x000002



                              Program Memory Usage 
                               Start         End      
                           ---------   ---------      
                            0x000000    0x00000e      
                            0x002007    0x002007      
            16 out of 1094 program addresses used, program memory utilization is 1%



                              Symbols - Sorted by Name
                     Name    Address   Location    Storage File                     
                ---------  ---------  ---------  --------- ---------                
                   INICIO   0x000000    program     static C:\Users\minel\MPLABXProjects\A8.X\act8.asm
                    Retcs   0x000008    program     static C:\Users\minel\MPLABXProjects\A8.X\act8.asm
                    START   0x000006    program     static C:\Users\minel\MPLABXProjects\A8.X\act8.asm
    Timer0_Desbordamiento   0x00000c    program     static C:\Users\minel\MPLABXProjects\A8.X\act8.asm



                              Symbols - Sorted by Address
                     Name    Address   Location    Storage File                     
                ---------  ---------  ---------  --------- ---------                
                   INICIO   0x000000    program     static C:\Users\minel\MPLABXProjects\A8.X\act8.asm
                    START   0x000006    program     static C:\Users\minel\MPLABXProjects\A8.X\act8.asm
                    Retcs   0x000008    program     static C:\Users\minel\MPLABXProjects\A8.X\act8.asm
    Timer0_Desbordamiento   0x00000c    program     static C:\Users\minel\MPLABXProjects\A8.X\act8.asm


