MPLINK 5.08, LINKER
Linker Map File - Created Mon May 03 18:38:55 2021

                                 Section Info
                  Section       Type    Address   Location Size(Bytes)
                ---------  ---------  ---------  ---------  ---------
                   .org_0       code   0x000000    program   0x000000
                   .org_1       code   0x000000    program   0x000002
                   .org_2       code   0x000005    program   0x000040



                              Program Memory Usage 
                               Start         End      
                           ---------   ---------      
                            0x000000    0x000000      
                            0x000005    0x000024      
            33 out of 1094 program addresses used, program memory utilization is 3%



                              Symbols - Sorted by Name
                     Name    Address   Location    Storage File                     
                ---------  ---------  ---------  --------- ---------                
                A_igual_B   0x000022    program     static C:\Users\minel\MPLABXProjects\A4.X\act4.asm
                A_mayor_B   0x00001f    program     static C:\Users\minel\MPLABXProjects\A4.X\act4.asm
                A_menor_B   0x00001c    program     static C:\Users\minel\MPLABXProjects\A4.X\act4.asm
                 Comparar   0x000013    program     static C:\Users\minel\MPLABXProjects\A4.X\act4.asm
                   Inicio   0x000005    program     static C:\Users\minel\MPLABXProjects\A4.X\act4.asm
                     Stop   0x000023    program     static C:\Users\minel\MPLABXProjects\A4.X\act4.asm



                              Symbols - Sorted by Address
                     Name    Address   Location    Storage File                     
                ---------  ---------  ---------  --------- ---------                
                   Inicio   0x000005    program     static C:\Users\minel\MPLABXProjects\A4.X\act4.asm
                 Comparar   0x000013    program     static C:\Users\minel\MPLABXProjects\A4.X\act4.asm
                A_menor_B   0x00001c    program     static C:\Users\minel\MPLABXProjects\A4.X\act4.asm
                A_mayor_B   0x00001f    program     static C:\Users\minel\MPLABXProjects\A4.X\act4.asm
                A_igual_B   0x000022    program     static C:\Users\minel\MPLABXProjects\A4.X\act4.asm
                     Stop   0x000023    program     static C:\Users\minel\MPLABXProjects\A4.X\act4.asm


