MPLINK 5.08, LINKER
Linker Map File - Created Mon May 03 18:32:09 2021

                                 Section Info
                  Section       Type    Address   Location Size(Bytes)
                ---------  ---------  ---------  ---------  ---------
                   .org_0       code   0x000000    program   0x000000
                   .org_1       code   0x000000    program   0x000002
                   .org_2       code   0x000005    program   0x00002a



                              Program Memory Usage 
                               Start         End      
                           ---------   ---------      
                            0x000000    0x000000      
                            0x000005    0x000019      
            22 out of 1094 program addresses used, program memory utilization is 2%



                              Symbols - Sorted by Name
                     Name    Address   Location    Storage File                     
                ---------  ---------  ---------  --------- ---------                
                A_igual_B   0x000018    program     static C:\Users\minel\MPLABXProjects\2\act2.asm
                A_mayor_B   0x000015    program     static C:\Users\minel\MPLABXProjects\2\act2.asm
                A_menor_B   0x000012    program     static C:\Users\minel\MPLABXProjects\2\act2.asm
                   Inicio   0x000005    program     static C:\Users\minel\MPLABXProjects\2\act2.asm
                     Stop   0x000019    program     static C:\Users\minel\MPLABXProjects\2\act2.asm



                              Symbols - Sorted by Address
                     Name    Address   Location    Storage File                     
                ---------  ---------  ---------  --------- ---------                
                   Inicio   0x000005    program     static C:\Users\minel\MPLABXProjects\2\act2.asm
                A_menor_B   0x000012    program     static C:\Users\minel\MPLABXProjects\2\act2.asm
                A_mayor_B   0x000015    program     static C:\Users\minel\MPLABXProjects\2\act2.asm
                A_igual_B   0x000018    program     static C:\Users\minel\MPLABXProjects\2\act2.asm
                     Stop   0x000019    program     static C:\Users\minel\MPLABXProjects\2\act2.asm


